M	forge/m3-launchd.err.log
Your branch is up to date with 'origin/ai/m3-worker'.
Already up to date.
Model summary: Update README-template.md with project overview and roadmap
Changed files: README-template.md
Test command: python3 -m compileall .
Test return code: 0
ting './.git/objects/15'...
Listing './.git/objects/19'...
Listing './.git/objects/1d'...
Listing './.git/objects/25'...
Listing './.git/objects/26'...
Listing './.git/objects/2c'...
Listing './.git/objects/2f'...
Listing './.git/objects/30'...
Listing './.git/objects/32'...
Listing './.git/objects/39'...
Listing './.git/objects/3a'...
Listing './.git/objects/3c'...
Listing './.git/objects/3d'...
Listing './.git/objects/3f'...
Listing './.git/objects/43'...
Listing './.git/objects/45'...
Listing './.git/objects/48'...
Listing './.git/objects/4e'...
Listing './.git/objects/52'...
Listing './.git/objects/53'...
Listing './.git/objects/55'...
Listing './.git/objects/56'...
Listing './.git/objects/57'...
Listing './.git/objects/58'...
Listing './.git/objects/59'...
Listing './.git/objects/5c'...
Listing './.git/objects/61'...
Listing './.git/objects/62'...
Listing './.git/objects/63'...
Listing './.git/objects/67'...
Listing './.git/objects/6d'...
Listing './.git/objects/6e'...
Listing './.git/objects/77'...
Listing './.git/objects/7a'...
Listing './.git/objects/7c'...
Listing './.git/objects/7d'...
Listing './.git/objects/81'...
Listing './.git/objects/82'...
Listing './.git/objects/87'...
Listing './.git/objects/8a'...
Listing './.git/objects/8e'...
Listing './.git/objects/90'...
Listing './.git/objects/91'...
Listing './.git/objects/95'...
Listing './.git/objects/97'...
Listing './.git/objects/9b'...
Listing './.git/objects/9e'...
Listing './.git/objects/a1'...
Listing './.git/objects/a2'...
Listing './.git/objects/a7'...
Listing './.git/objects/a8'...
Listing './.git/objects/aa'...
Listing './.git/objects/ac'...
Listing './.git/objects/b0'...
Listing './.git/objects/b4'...
Listing './.git/objects/b5'...
Listing './.git/objects/b8'...
Listing './.git/objects/b9'...
Listing './.git/objects/ba'...
Listing './.git/objects/bb'...
Listing './.git/objects/bf'...
Listing './.git/objects/c1'...
Listing './.git/objects/c5'...
Listing './.git/objects/c6'...
Listing './.git/objects/cc'...
Listing './.git/objects/cf'...
Listing './.git/objects/d5'...
Listing './.git/objects/d9'...
Listing './.git/objects/da'...
Listing './.git/objects/dd'...
Listing './.git/objects/de'...
Listing './.git/objects/e2'...
Listing './.git/objects/e3'...
Listing './.git/objects/e4'...
Listing './.git/objects/e6'...
Listing './.git/objects/e7'...
Listing './.git/objects/e8'...
Listing './.git/objects/ed'...
Listing './.git/objects/ee'...
Listing './.git/objects/f2'...
Listing './.git/objects/f3'...
Listing './.git/objects/f9'...
Listing './.git/objects/fb'...
Listing './.git/objects/fc'...
Listing './.git/objects/info'...
Listing './.git/objects/pack'...
Listing './.git/refs'...
Listing './.git/refs/heads'...
Listing './.git/refs/heads/ai'...
Listing './.git/refs/remotes'...
Listing './.git/refs/remotes/origin'...
Listing './.git/refs/remotes/origin/ai'...
Listing './.git/refs/tags'...
Listing './forge'...
Compiling './forge/agent.py'...
Listing './systemd'...
Listing './tests'...

Committed changes.
branch 'ai/m3-worker' set up to track 'origin/ai/m3-worker'.
M	forge/m3-launchd.err.log
M	forge/m3-launchd.out.log
Your branch is up to date with 'origin/ai/m3-worker'.
Already up to date.
